// Jest Snapshot v1, https://goo.gl/fbAQLP

exports[`should render correctly 1`] = `
.emotion-4 {
  background-color: #393a3f;
  position: -webkit-sticky;
  position: sticky;
  top: 0;
  z-index: 1;
  display: -webkit-box;
  display: -webkit-flex;
  display: -ms-flexbox;
  display: flex;
  -webkit-align-items: center;
  -webkit-box-align: center;
  -ms-flex-align: center;
  align-items: center;
  -webkit-box-pack: justify;
  -webkit-justify-content: space-between;
  -ms-flex-pack: justify;
  justify-content: space-between;
  margin-bottom: 2rem;
  padding: 1rem 5vw;
}

.emotion-0 {
  fill: #ff9581;
  box-sizing: content-box;
  width: 13rem;
  margin: 0 0.6rem;
  padding: 1.2rem;
  -webkit-transition: fill 0.15s ease-in-out;
  transition: fill 0.15s ease-in-out;
}

.emotion-0 div svg {
  display: block;
}

.emotion-0:hover,
.emotion-0:focus {
  fill: #ff9581;
}

.emotion-3 {
  display: -webkit-box;
  display: -webkit-flex;
  display: -ms-flexbox;
  display: flex;
  -webkit-flex-wrap: wrap;
  -ms-flex-wrap: wrap;
  flex-wrap: wrap;
  -webkit-box-pack: end;
  -webkit-justify-content: flex-end;
  -ms-flex-pack: end;
  justify-content: flex-end;
  max-width: 30vw;
}

.emotion-1 {
  fill: #e2dcd5;
  box-sizing: content-box;
  width: 3.6rem;
  margin: 0 0.6rem;
  padding: 1.2rem;
  -webkit-transition: fill 0.15s ease-in-out;
  transition: fill 0.15s ease-in-out;
}

.emotion-1 div svg {
  display: block;
}

.emotion-1:hover,
.emotion-1:focus {
  fill: #ff9581;
}

<header
  className="emotion-4"
>
  <a
    aria-current="page"
    className="emotion-0"
    fill="#ff9581"
    href="/"
    onClick={[Function]}
    width="13rem"
  >
    <span
      className="visuallyhidden"
    >
      Buddy
    </span>
    <div
      aria-hidden={true}
    >
      <SvgMock />
    </div>
  </a>
  <nav
    className="emotion-3"
  >
    <a
      className="emotion-1"
      href="/search-params"
      onClick={[Function]}
    >
      <span
        className="visuallyhidden"
      >
        Search
      </span>
      <div
        aria-hidden={true}
      >
        <SvgMock />
      </div>
    </a>
    <a
      className="emotion-1"
      href="/favorites"
      onClick={[Function]}
    >
      <span
        className="visuallyhidden"
      >
        Favorites
      </span>
      <div
        aria-hidden={true}
      >
        <SvgMock />
      </div>
    </a>
  </nav>
</header>
`;
